flutter : Flutter assets will be downloaded from https://storage.flutter-io.cn.
 Make sure you trust this source!
所在位置 行:1 字符: 1
+ flutter build windows --debug 2>&1 | Tee-Object -FilePath build_outpu ...
+ ~~~~~~~~~~~~~~~~~~~~~~~~~~~~~~~~~~
    + CategoryInfo          : NotSpecified: (Flutter assets ...st this source! 
   :String) [], RemoteException
    + FullyQualifiedErrorId : NativeCommandError
 
Building Windows application...                                    24.0s
鈭?Built build\windows\x64\runner\Debug\app_kit.exe
